[     120ms] [WARNING] [Meta Pixel] - Duplicate Pixel ID: 117823355284455. @ https://connect.facebook.net/en_US/fbevents.js:203
[     770ms] Error: Minified React error #418; visit https://react.dev/errors/418?args[]=HTML&args[]= for the full message or use the non-minified dev environment for full errors and additional helpful warnings.
    at rX (https://www.studiokohler.com/_next/static/chunks/0~7nm1~zg71g0.js:1:46254)
    at iu (https://www.studiokohler.com/_next/static/chunks/0~7nm1~zg71g0.js:1:97295)
    at sd (https://www.studiokohler.com/_next/static/chunks/0~7nm1~zg71g0.js:1:137985)
    at https://www.studiokohler.com/_next/static/chunks/0~7nm1~zg71g0.js:1:137830
    at sf (https://www.studiokohler.com/_next/static/chunks/0~7nm1~zg71g0.js:1:137838)
    at se (https://www.studiokohler.com/_next/static/chunks/0~7nm1~zg71g0.js:1:132978)
    at sW (https://www.studiokohler.com/_next/static/chunks/0~7nm1~zg71g0.js:1:159657)
    at sU (https://www.studiokohler.com/_next/static/chunks/0~7nm1~zg71g0.js:1:157871)
    at sH (https://www.studiokohler.com/_next/static/chunks/0~7nm1~zg71g0.js:1:158215)
    at https://www.studiokohler.com/_next/static/chunks/0~7nm1~zg71g0.js:1:157500
[     780ms] Error: Minified React error #418; visit https://react.dev/errors/418?args[]=HTML&args[]= for the full message or use the non-minified dev environment for full errors and additional helpful warnings.
    at rX (https://www.studiokohler.com/_next/static/chunks/0~7nm1~zg71g0.js:1:46254)
    at iu (https://www.studiokohler.com/_next/static/chunks/0~7nm1~zg71g0.js:1:97295)
    at sd (https://www.studiokohler.com/_next/static/chunks/0~7nm1~zg71g0.js:1:137985)
    at https://www.studiokohler.com/_next/static/chunks/0~7nm1~zg71g0.js:1:137830
    at sf (https://www.studiokohler.com/_next/static/chunks/0~7nm1~zg71g0.js:1:137838)
    at se (https://www.studiokohler.com/_next/static/chunks/0~7nm1~zg71g0.js:1:132978)
    at sW (https://www.studiokohler.com/_next/static/chunks/0~7nm1~zg71g0.js:1:159657)
    at sU (https://www.studiokohler.com/_next/static/chunks/0~7nm1~zg71g0.js:1:157871)
    at sH (https://www.studiokohler.com/_next/static/chunks/0~7nm1~zg71g0.js:1:158215)
    at https://www.studiokohler.com/_next/static/chunks/0~7nm1~zg71g0.js:1:157500
[     795ms] SyntaxError: Failed to execute 'querySelector' on 'Document': 'link[rel="preload"][as="script"][href="\a https://resources.digital-cloud-west.medallia.com/wdcwest/740343/onsite/embed.js\a "]' is not a valid selector.
    at Object.L (https://www.studiokohler.com/_next/static/chunks/0~7nm1~zg71g0.js:1:190038)
    at r.preload (https://www.studiokohler.com/_next/static/chunks/0_5ax_b188xq6.js:1:12765)
    at v (https://www.studiokohler.com/_next/static/chunks/0f1l2no-9vj_c.js:1:6977)
    at ay (https://www.studiokohler.com/_next/static/chunks/0~7nm1~zg71g0.js:1:62886)
    at oJ (https://www.studiokohler.com/_next/static/chunks/0~7nm1~zg71g0.js:1:83143)
    at iu (https://www.studiokohler.com/_next/static/chunks/0~7nm1~zg71g0.js:1:93735)
    at sd (https://www.studiokohler.com/_next/static/chunks/0~7nm1~zg71g0.js:1:137985)
    at https://www.studiokohler.com/_next/static/chunks/0~7nm1~zg71g0.js:1:137830
    at sf (https://www.studiokohler.com/_next/static/chunks/0~7nm1~zg71g0.js:1:137838)
    at se (https://www.studiokohler.com/_next/static/chunks/0~7nm1~zg71g0.js:1:132978)
[     795ms] SyntaxError: Failed to execute 'querySelector' on 'Document': 'link[rel="preload"][as="script"][href="\a https://resources.digital-cloud-west.medallia.com/wdcwest/740343/onsite/embed.js\a "]' is not a valid selector.
    at Object.L (https://www.studiokohler.com/_next/static/chunks/0~7nm1~zg71g0.js:1:190038)
    at r.preload (https://www.studiokohler.com/_next/static/chunks/0_5ax_b188xq6.js:1:12765)
    at v (https://www.studiokohler.com/_next/static/chunks/0f1l2no-9vj_c.js:1:6977)
    at ay (https://www.studiokohler.com/_next/static/chunks/0~7nm1~zg71g0.js:1:62886)
    at oJ (https://www.studiokohler.com/_next/static/chunks/0~7nm1~zg71g0.js:1:83143)
    at iu (https://www.studiokohler.com/_next/static/chunks/0~7nm1~zg71g0.js:1:93735)
    at sd (https://www.studiokohler.com/_next/static/chunks/0~7nm1~zg71g0.js:1:137985)
    at https://www.studiokohler.com/_next/static/chunks/0~7nm1~zg71g0.js:1:137830
    at sf (https://www.studiokohler.com/_next/static/chunks/0~7nm1~zg71g0.js:1:137838)
    at se (https://www.studiokohler.com/_next/static/chunks/0~7nm1~zg71g0.js:1:132978)
[     840ms] [WARNING] 🚀 container.buildInfo.environment is deprecated.Please use `container.environment.stage` instead @ https://assets.adobedtm.com/846ae6cc52a8/04305b11409a/launch-ENc97853c5e46d4f92bdf0b75e595632cf.min.js:14
[     998ms] [ERROR] Failed to load resource: the server responded with a status of 401 () @ https://www.studiokohler.com/api/auth/me:0
[    1084ms] [WARNING] 🚀 _satellite.setCookie is deprecated. Please use _satellite.cookie.set("ecid", "17600893917683730944237762692949821572"). @ https://assets.adobedtm.com/846ae6cc52a8/04305b11409a/launch-ENc97853c5e46d4f92bdf0b75e595632cf.min.js:14
[    1842ms] [LOG] Testing============== @ https://assets.adobedtm.com/846ae6cc52a8/04305b11409a/launch-ENc97853c5e46d4f92bdf0b75e595632cf.min.js:8
[    1842ms] [LOG] 0 @ https://assets.adobedtm.com/846ae6cc52a8/04305b11409a/launch-ENc97853c5e46d4f92bdf0b75e595632cf.min.js:8
[    2120ms] [ERROR] Refused to execute script from 'https://www.studiokohler.com/content/dam/kohler-kds/navigation/aaf54114_rgb.jpeg?req=props,json&scl=1&id=1599383937&handler=s7RIJSONResponse' because its MIME type ('image/jpeg') is not executable, and strict MIME type checking is enabled. @ https://www.studiokohler.com/js/s7responsiveimage.js:98
[    2120ms] [ERROR] Refused to execute script from 'https://www.studiokohler.com/content/dam/kohler-kds/navigation/aaf54114_rgb.jpeg?req=set,json&id=-1893533819&handler=s7RIJSONResponse' because its MIME type ('image/jpeg') is not executable, and strict MIME type checking is enabled. @ https://www.studiokohler.com/js/s7responsiveimage.js:98
[    2121ms] [ERROR] Refused to execute script from 'https://www.studiokohler.com/content/dam/kohler-kds/navigation/aaf54116_rgb.jpeg?req=props,json&scl=1&id=-1993983485&handler=s7RIJSONResponse' because its MIME type ('image/jpeg') is not executable, and strict MIME type checking is enabled. @ https://www.studiokohler.com/js/s7responsiveimage.js:98
[    2121ms] [ERROR] Refused to execute script from 'https://www.studiokohler.com/content/dam/kohler-kds/navigation/aaf54116_rgb.jpeg?req=set,json&id=595995143&handler=s7RIJSONResponse' because its MIME type ('image/jpeg') is not executable, and strict MIME type checking is enabled. @ https://www.studiokohler.com/js/s7responsiveimage.js:98
[    2121ms] [ERROR] Refused to execute script from 'https://www.studiokohler.com/content/dam/kohler-kds/navigation/d2c0043993_rgb.jpg?req=props,json&scl=1&id=-1685132386&handler=s7RIJSONResponse' because its MIME type ('image/jpeg') is not executable, and strict MIME type checking is enabled. @ https://www.studiokohler.com/js/s7responsiveimage.js:98
[    2121ms] [ERROR] Refused to execute script from 'https://www.studiokohler.com/content/dam/kohler-kds/navigation/d2c0043993_rgb.jpg?req=set,json&id=1337697954&handler=s7RIJSONResponse' because its MIME type ('image/jpeg') is not executable, and strict MIME type checking is enabled. @ https://www.studiokohler.com/js/s7responsiveimage.js:98
[    2121ms] [ERROR] Refused to execute script from 'https://www.studiokohler.com/content/dam/kohler-kds/navigation/aaj10834.jpeg?req=props,json&scl=1&id=150453172&handler=s7RIJSONResponse' because its MIME type ('image/jpeg') is not executable, and strict MIME type checking is enabled. @ https://www.studiokohler.com/js/s7responsiveimage.js:98
[    2122ms] [ERROR] Refused to execute script from 'https://www.studiokohler.com/content/dam/kohler-kds/navigation/aaj10834.jpeg?req=set,json&id=-974590792&handler=s7RIJSONResponse' because its MIME type ('image/jpeg') is not executable, and strict MIME type checking is enabled. @ https://www.studiokohler.com/js/s7responsiveimage.js:98
[    2122ms] [ERROR] Refused to execute script from 'https://www.studiokohler.com/content/dam/kohler-kds/larg-image-and-text-block/aaj98359_rgb.jpg?req=props,json&scl=1&id=-892984135&handler=s7RIJSONResponse' because its MIME type ('image/jpeg') is not executable, and strict MIME type checking is enabled. @ https://www.studiokohler.com/js/s7responsiveimage.js:98
[    2122ms] [ERROR] Refused to execute script from 'https://www.studiokohler.com/content/dam/kohler-kds/larg-image-and-text-block/aaj98359_rgb.jpg?req=set,json&id=92220093&handler=s7RIJSONResponse' because its MIME type ('image/jpeg') is not executable, and strict MIME type checking is enabled. @ https://www.studiokohler.com/js/s7responsiveimage.js:98
[    2122ms] [ERROR] Refused to execute script from 'https://www.studiokohler.com/content/dam/kohler-kds/navigation/aai11078.jpeg?req=props,json&scl=1&id=-545430548&handler=s7RIJSONResponse' because its MIME type ('image/jpeg') is not executable, and strict MIME type checking is enabled. @ https://www.studiokohler.com/js/s7responsiveimage.js:98
[    2122ms] [ERROR] Refused to execute script from 'https://www.studiokohler.com/content/dam/kohler-kds/navigation/aai11078.jpeg?req=set,json&id=-1059697424&handler=s7RIJSONResponse' because its MIME type ('image/jpeg') is not executable, and strict MIME type checking is enabled. @ https://www.studiokohler.com/js/s7responsiveimage.js:98
[    2194ms] [WARNING] [Meta Pixel] - Duplicate Pixel ID: 117823355284455. @ https://connect.facebook.net/en_US/fbevents.js:203
[    4452ms] [WARNING] The resource https://globalkohler.my.site.com/ESWStudioKohlerMIAWCha1785991579828/webruntime/component/5b8557d8725fba2dbf2e6a4968ec430c/prod/en-US/force/luvioRuntimeWebruntime_cmp was preloaded using link preload but not used within a few seconds from the window's load event. Please make sure it has an appropriate `as` value and it is preloaded intentionally. @ https://globalkohler.my.site.com/ESWStudioKohlerMIAWCha1785991579828/assets/htdocs/sitecontext.min.html?parent_domain=https%3A%2F%2Fwww.studiokohler.com:0
[    4452ms] [WARNING] The resource https://globalkohler.my.site.com/ESWStudioKohlerMIAWCha1785991579828/webruntime/framework/cb2c1a2c50/prod/lwr_app_bootstrap_hook was preloaded using link preload but not used within a few seconds from the window's load event. Please make sure it has an appropriate `as` value and it is preloaded intentionally. @ https://globalkohler.my.site.com/ESWStudioKohlerMIAWCha1785991579828/assets/htdocs/sitecontext.min.html?parent_domain=https%3A%2F%2Fwww.studiokohler.com:0
[    4452ms] [WARNING] The resource https://globalkohler.my.site.com/ESWStudioKohlerMIAWCha1785991579828/webruntime/framework/b73515aaa5/prod/lwr_bootstrap was preloaded using link preload but not used within a few seconds from the window's load event. Please make sure it has an appropriate `as` value and it is preloaded intentionally. @ https://globalkohler.my.site.com/ESWStudioKohlerMIAWCha1785991579828/assets/htdocs/sitecontext.min.html?parent_domain=https%3A%2F%2Fwww.studiokohler.com:0
[    4452ms] [WARNING] The resource https://globalkohler.my.site.com/ESWStudioKohlerMIAWCha1785991579828/assets/styles/salesforce-lightning-design-system.min.css?e298b32610 was preloaded using link preload but not used within a few seconds from the window's load event. Please make sure it has an appropriate `as` value and it is preloaded intentionally. @ https://globalkohler.my.site.com/ESWStudioKohlerMIAWCha1785991579828/assets/htdocs/sitecontext.min.html?parent_domain=https%3A%2F%2Fwww.studiokohler.com:0
[    4452ms] [WARNING] The resource https://globalkohler.my.site.com/ESWStudioKohlerMIAWCha1785991579828/webruntime/view/a13680776f58817c268b3c4382572239/prod/en-US/frame_view was preloaded using link preload but not used within a few seconds from the window's load event. Please make sure it has an appropriate `as` value and it is preloaded intentionally. @ https://globalkohler.my.site.com/ESWStudioKohlerMIAWCha1785991579828/assets/htdocs/sitecontext.min.html?parent_domain=https%3A%2F%2Fwww.studiokohler.com:0
[    4452ms] [WARNING] The resource https://globalkohler.my.site.com/ESWStudioKohlerMIAWCha1785991579828/webruntime/framework/6186554a8e/prod/lwr_app was preloaded using link preload but not used within a few seconds from the window's load event. Please make sure it has an appropriate `as` value and it is preloaded intentionally. @ https://globalkohler.my.site.com/ESWStudioKohlerMIAWCha1785991579828/assets/htdocs/sitecontext.min.html?parent_domain=https%3A%2F%2Fwww.studiokohler.com:0
[    4453ms] [WARNING] The resource https://globalkohler.my.site.com/ESWStudioKohlerMIAWCha1785991579828/assets/styles/embedded-messaging-styling.min.css?e298b32610 was preloaded using link preload but not used within a few seconds from the window's load event. Please make sure it has an appropriate `as` value and it is preloaded intentionally. @ https://globalkohler.my.site.com/ESWStudioKohlerMIAWCha1785991579828/assets/htdocs/sitecontext.min.html?parent_domain=https%3A%2F%2Fwww.studiokohler.com:0
[    4453ms] [WARNING] The resource https://globalkohler.my.site.com/ESWStudioKohlerMIAWCha1785991579828/webruntime/view/3a680bd1b3e3045a99687a2950898fdf/prod/en-US/home_view was preloaded using link preload but not used within a few seconds from the window's load event. Please make sure it has an appropriate `as` value and it is preloaded intentionally. @ https://globalkohler.my.site.com/ESWStudioKohlerMIAWCha1785991579828/assets/htdocs/sitecontext.min.html?parent_domain=https%3A%2F%2Fwww.studiokohler.com:0
[    4453ms] [WARNING] The resource https://globalkohler.my.site.com/ESWStudioKohlerMIAWCha1785991579828/webruntime/framework/6ce0b87300/prod/lwr_loader was preloaded using link preload but not used within a few seconds from the window's load event. Please make sure it has an appropriate `as` value and it is preloaded intentionally. @ https://globalkohler.my.site.com/ESWStudioKohlerMIAWCha1785991579828/assets/htdocs/sitecontext.min.html?parent_domain=https%3A%2F%2Fwww.studiokohler.com:0
[    4453ms] [WARNING] The resource https://globalkohler.my.site.com/ESWStudioKohlerMIAWCha1785991579828/webruntime/component/259a789b5905e4a3e65c0942cc97421d/prod/en-US/force/luvioLwcBindings_cmp was preloaded using link preload but not used within a few seconds from the window's load event. Please make sure it has an appropriate `as` value and it is preloaded intentionally. @ https://globalkohler.my.site.com/ESWStudioKohlerMIAWCha1785991579828/assets/htdocs/sitecontext.min.html?parent_domain=https%3A%2F%2Fwww.studiokohler.com:0
[    4453ms] [WARNING] The resource https://globalkohler.my.site.com/ESWStudioKohlerMIAWCha1785991579828/webruntime/framework/c6f5ab53a7/prod/lwr_lwc was preloaded using link preload but not used within a few seconds from the window's load event. Please make sure it has an appropriate `as` value and it is preloaded intentionally. @ https://globalkohler.my.site.com/ESWStudioKohlerMIAWCha1785991579828/assets/htdocs/sitecontext.min.html?parent_domain=https%3A%2F%2Fwww.studiokohler.com:0
[    6737ms] [WARNING] The resource https://www.studiokohler.com/_next/static/chunks/0hqnmwnsg1zbt.css was preloaded using link preload but not used within a few seconds from the window's load event. Please make sure it has an appropriate `as` value and it is preloaded intentionally. @ https://www.studiokohler.com/products/bathroom/bathroom-sinks/14800?sku=K-14800-7:0
[    9734ms] [LOG] Event Name pdp link click @ https://assets.adobedtm.com/846ae6cc52a8/04305b11409a/launch-ENc97853c5e46d4f92bdf0b75e595632cf.min.js:9
[    9784ms] [LOG] Triggered at 100% scroll height @ :1
[   15711ms] [WARNING] The resource https://www.studiokohler.com/_next/static/chunks/0hqnmwnsg1zbt.css was preloaded using link preload but not used within a few seconds from the window's load event. Please make sure it has an appropriate `as` value and it is preloaded intentionally. @ https://www.studiokohler.com/products/bathroom/bathroom-sinks/14800?sku=K-14800-7:0
[   21563ms] [LOG] Event Name pdp link click @ https://assets.adobedtm.com/846ae6cc52a8/04305b11409a/launch-ENc97853c5e46d4f92bdf0b75e595632cf.min.js:9
[   24830ms] [WARNING] The resource https://www.studiokohler.com/_next/static/chunks/0hqnmwnsg1zbt.css was preloaded using link preload but not used within a few seconds from the window's load event. Please make sure it has an appropriate `as` value and it is preloaded intentionally. @ https://www.studiokohler.com/products/bathroom/bathroom-sinks/14800?sku=K-14800-7:0
[   43368ms] [LOG] Event Name download @ https://assets.adobedtm.com/846ae6cc52a8/04305b11409a/launch-ENc97853c5e46d4f92bdf0b75e595632cf.min.js:9
[   46676ms] [WARNING] The resource https://www.studiokohler.com/_next/static/chunks/0hqnmwnsg1zbt.css was preloaded using link preload but not used within a few seconds from the window's load event. Please make sure it has an appropriate `as` value and it is preloaded intentionally. @ https://www.studiokohler.com/products/bathroom/bathroom-sinks/14800?sku=K-14800-7:0
[   65673ms] [WARNING] The resource https://www.studiokohler.com/_next/static/chunks/0hqnmwnsg1zbt.css was preloaded using link preload but not used within a few seconds from the window's load event. Please make sure it has an appropriate `as` value and it is preloaded intentionally. @ https://www.studiokohler.com/products/bathroom/bathroom-sinks/14800?sku=K-14800-7:0
[   93229ms] [WARNING] The resource https://www.studiokohler.com/_next/static/chunks/0hqnmwnsg1zbt.css was preloaded using link preload but not used within a few seconds from the window's load event. Please make sure it has an appropriate `as` value and it is preloaded intentionally. @ https://www.studiokohler.com/products/bathroom/bathroom-sinks/14800?sku=K-14800-7:0
[  104089ms] [WARNING] The resource https://www.studiokohler.com/_next/static/chunks/0hqnmwnsg1zbt.css was preloaded using link preload but not used within a few seconds from the window's load event. Please make sure it has an appropriate `as` value and it is preloaded intentionally. @ https://www.studiokohler.com/products/bathroom/bathroom-sinks/14800?sku=K-14800-7:0
[  110596ms] [WARNING] The resource https://www.studiokohler.com/_next/static/chunks/0hqnmwnsg1zbt.css was preloaded using link preload but not used within a few seconds from the window's load event. Please make sure it has an appropriate `as` value and it is preloaded intentionally. @ https://www.studiokohler.com/products/bathroom/bathroom-sinks/14800?sku=K-14800-7:0
